errror 1
errror 2
errror 3